---Problems---------------------
[
(AK Test10278.hs:4:31-61 AnnDot = [Test10278.hs:4:42])

(AK Test10278.hs:4:31-61 AnnForall = [Test10278.hs:4:31-36])
]

--------------------------------
[
(AK Test10278.hs:1:1 AnnModule = [Test10278.hs:2:1-6])

(AK Test10278.hs:1:1 AnnWhere = [Test10278.hs:2:18-22])

(AK Test10278.hs:4:1-61 AnnDcolon = [Test10278.hs:4:16-17])

(AK Test10278.hs:4:1-61 AnnSemi = [Test10278.hs:5:1])

(AK Test10278.hs:4:19-61 AnnDot = [Test10278.hs:4:29, Test10278.hs:4:42, Test10278.hs:4:29])

(AK Test10278.hs:4:19-61 AnnForall = [Test10278.hs:4:19-24, Test10278.hs:4:31-36, Test10278.hs:4:19-24])

(AK Test10278.hs:4:31-61 AnnDot = [Test10278.hs:4:42])

(AK Test10278.hs:4:31-61 AnnForall = [Test10278.hs:4:31-36])

(AK Test10278.hs:4:44-61 AnnRarrow = [Test10278.hs:4:48-49])

(AK Test10278.hs:4:51-61 AnnRarrow = [Test10278.hs:4:56-57])

(AK Test10278.hs:5:1-26 AnnEqual = [Test10278.hs:5:16])

(AK Test10278.hs:5:1-26 AnnFunId = [Test10278.hs:5:1-14])

(AK Test10278.hs:5:1-26 AnnSemi = [Test10278.hs:7:1])

(AK <no location info> AnnEofPos = [Test10278.hs:7:1])
]

