
Ppr036.hs:16:16:
    The deprecation for ‘withBool’ lacks an accompanying binding

Ppr036.ppr.hs:13:16:
    The deprecation for ‘withBool’ lacks an accompanying binding
